npm notice run com.lotto.service.sso-player@0.0.1 npx
npm notice run 'jest' --selectProjects unit --coverage --coverageDirectory=reports/raw/coverage --coverageReporters=json --coverageReporters=json-summary --coverageReporters=text-summary --json --outputFile=reports/raw/jest-unit.json
Running one project: unit
FAIL unit src/modules/auth/services/auth.service.rotation.spec.ts
  ● Test suite failed to run

    Cannot find module '/home/ubuntu/repos/com.lotto.service.sso-player/node_modules/bcrypt/lib/binding/napi-v3/bcrypt_lib.node' from 'node_modules/bcrypt/bcrypt.js'

    Require stack:
      node_modules/bcrypt/bcrypt.js
      src/modules/auth/services/auth.service.ts
      src/modules/auth/services/auth.service.rotation.spec.ts

      11 | import { ConfigService } from "@nestjs/config";
      12 | import { JwtService } from "@nestjs/jwt";
    > 13 | import * as bcrypt from "bcrypt";
         | ^
      14 | import { CookieOptions, Request, Response } from "express";
      15 |
      16 | import { UserStatus } from "../../user/model/enum/user-status.enum";

      at Resolver._throwModNotFoundError (node_modules/jest-resolve/build/resolver.js:427:11)
      at Object.<anonymous> (node_modules/bcrypt/bcrypt.js:6:16)
      at Object.require (src/modules/auth/services/auth.service.ts:13:1)
      at Object.<anonymous> (src/modules/auth/services/auth.service.rotation.spec.ts:6:1)

FAIL unit src/modules/auth/services/auth.service.spec.ts
  ● Test suite failed to run

    Cannot find module '/home/ubuntu/repos/com.lotto.service.sso-player/node_modules/bcrypt/lib/binding/napi-v3/bcrypt_lib.node' from 'node_modules/bcrypt/bcrypt.js'

    Require stack:
      node_modules/bcrypt/bcrypt.js
      src/modules/auth/services/auth.service.spec.ts

      3 | import { JwtService } from "@nestjs/jwt";
      4 | import { Test, TestingModule } from "@nestjs/testing";
    > 5 | import * as bcrypt from "bcrypt";
        | ^
      6 |
      7 | import { AuthService } from "./auth.service";
      8 | import { RefreshTokenRepository } from "../repository/refresh-token.repository";

      at Resolver._throwModNotFoundError (node_modules/jest-resolve/build/resolver.js:427:11)
      at Object.<anonymous> (node_modules/bcrypt/bcrypt.js:6:16)
      at Object.<anonymous> (src/modules/auth/services/auth.service.spec.ts:5:1)

FAIL unit src/modules/auth/guards/session-cookie.guard.spec.ts
  ● Test suite failed to run

    Cannot find module '/home/ubuntu/repos/com.lotto.service.sso-player/node_modules/bcrypt/lib/binding/napi-v3/bcrypt_lib.node' from 'node_modules/bcrypt/bcrypt.js'

    Require stack:
      node_modules/bcrypt/bcrypt.js
      src/modules/auth/services/auth.service.ts
      src/modules/auth/guards/session-cookie.guard.ts
      src/modules/auth/guards/session-cookie.guard.spec.ts

      11 | import { ConfigService } from "@nestjs/config";
      12 | import { JwtService } from "@nestjs/jwt";
    > 13 | import * as bcrypt from "bcrypt";
         | ^
      14 | import { CookieOptions, Request, Response } from "express";
      15 |
      16 | import { UserStatus } from "../../user/model/enum/user-status.enum";

      at Resolver._throwModNotFoundError (node_modules/jest-resolve/build/resolver.js:427:11)
      at Object.<anonymous> (node_modules/bcrypt/bcrypt.js:6:16)
      at Object.require (src/modules/auth/services/auth.service.ts:13:1)
      at Object.require (src/modules/auth/guards/session-cookie.guard.ts:9:1)
      at Object.<anonymous> (src/modules/auth/guards/session-cookie.guard.spec.ts:4:1)

PASS unit src/modules/auth/dto/register-user.dto.spec.ts
PASS unit src/utils/phone.spec.ts

=============================== Coverage summary ===============================
Statements   : 1.76% ( 28/1584 )
Branches     : 1.66% ( 14/843 )
Functions    : 1.52% ( 4/262 )
Lines        : 1.41% ( 21/1479 )
================================================================================

Test Suites: 3 failed, 2 passed, 5 total
Tests:       13 passed, 13 total
Snapshots:   0 total
Time:        7.772 s
Ran all test suites.
Test results written to: reports/raw/jest-unit.json
